{"timestamp":"2025-04-14T12:35:07.627Z","level":"info","message":"App de observabilidade rodando em http://localhost:3000"}
{"timestamp":"2025-04-14T12:35:09.847Z","level":"info","message":"Requisição externa bem-sucedida","durationMs":1220}
{"timestamp":"2025-04-14T12:35:10.283Z","level":"info","message":"Requisição externa bem-sucedida","durationMs":656}
{"timestamp":"2025-04-14T12:35:11.196Z","level":"info","message":"Requisição externa bem-sucedida","durationMs":569}
{"timestamp":"2025-04-14T12:35:13.055Z","level":"info","message":"Requisição externa bem-sucedida","durationMs":427}
{"timestamp":"2025-04-14T12:35:13.461Z","level":"info","message":"Requisição externa bem-sucedida","durationMs":1833}
{"timestamp":"2025-04-14T12:35:14.196Z","level":"info","message":"Requisição externa bem-sucedida","durationMs":566}
{"timestamp":"2025-04-14T12:35:16.132Z","level":"info","message":"Requisição externa bem-sucedida","durationMs":1501}
{"timestamp":"2025-04-14T12:35:17.566Z","level":"info","message":"Requisição externa bem-sucedida","durationMs":933}
{"timestamp":"2025-04-14T12:35:18.161Z","level":"info","message":"Requisição externa bem-sucedida","durationMs":528}
{"timestamp":"2025-04-14T12:35:18.374Z","level":"info","message":"Requisição externa bem-sucedida","durationMs":2742}
{"timestamp":"2025-04-14T12:35:19.184Z","level":"info","message":"Requisição externa bem-sucedida","durationMs":551}
{"timestamp":"2025-04-14T12:35:20.335Z","level":"info","message":"Chamada ao endpoint interno"}
{"timestamp":"2025-04-14T12:35:21.757Z","level":"info","message":"Requisição externa bem-sucedida","durationMs":1122}
{"timestamp":"2025-04-14T12:35:22.041Z","level":"info","message":"Requisição externa bem-sucedida","durationMs":2407}
{"timestamp":"2025-04-14T12:35:22.201Z","level":"info","message":"Requisição externa bem-sucedida","durationMs":567}
{"timestamp":"2025-04-14T12:35:23.234Z","level":"info","message":"Requisição externa bem-sucedida","durationMs":599}
{"timestamp":"2025-04-14T12:35:25.232Z","level":"info","message":"Requisição externa bem-sucedida","durationMs":596}
{"timestamp":"2025-04-14T12:35:25.593Z","level":"info","message":"Requisição externa bem-sucedida","durationMs":1957}
{"timestamp":"2025-04-14T12:35:27.121Z","level":"info","message":"Chamada ao endpoint interno"}
{"timestamp":"2025-04-14T12:35:27.394Z","level":"info","message":"Requisição externa bem-sucedida","durationMs":756}
{"timestamp":"2025-04-14T12:35:27.565Z","level":"info","message":"Requisição externa bem-sucedida","durationMs":1928}
{"timestamp":"2025-04-14T12:35:29.676Z","level":"info","message":"Requisição externa bem-sucedida","durationMs":1036}
{"timestamp":"2025-04-14T12:35:30.161Z","level":"info","message":"Requisição externa bem-sucedida","durationMs":2522}
{"timestamp":"2025-04-14T12:35:30.218Z","level":"info","message":"Requisição externa bem-sucedida","durationMs":577}
{"timestamp":"2025-04-14T12:35:31.072Z","level":"info","message":"Requisição externa bem-sucedida","durationMs":431}
{"timestamp":"2025-04-14T12:35:32.155Z","level":"info","message":"Chamada ao endpoint interno"}
{"timestamp":"2025-04-14T12:35:32.586Z","level":"info","message":"Requisição externa bem-sucedida","durationMs":944}
{"timestamp":"2025-04-14T12:35:33.215Z","level":"info","message":"Requisição externa bem-sucedida","durationMs":573}
{"timestamp":"2025-04-14T12:35:34.073Z","level":"info","message":"Requisição externa bem-sucedida","durationMs":430}
{"timestamp":"2025-04-14T12:35:35.133Z","level":"info","message":"App de observabilidade rodando em http://localhost:3000"}
{"timestamp":"2025-04-14T12:35:37.145Z","level":"info","message":"Chamada ao endpoint interno"}
{"timestamp":"2025-04-14T12:35:37.456Z","level":"info","message":"Requisição externa bem-sucedida","durationMs":1325}
{"timestamp":"2025-04-14T12:35:37.701Z","level":"info","message":"Requisição externa bem-sucedida","durationMs":568}
{"timestamp":"2025-04-14T12:35:39.612Z","level":"info","message":"Requisição externa bem-sucedida","durationMs":1478}
{"timestamp":"2025-04-14T12:35:40.501Z","level":"info","message":"App de observabilidade rodando em http://localhost:3000"}
{"timestamp":"2025-04-14T12:35:42.311Z","level":"info","message":"Requisição externa bem-sucedida","durationMs":812}
{"timestamp":"2025-04-14T12:35:42.773Z","level":"info","message":"Chamada ao endpoint interno"}
{"timestamp":"2025-04-14T12:35:44.275Z","level":"info","message":"App de observabilidade rodando em http://localhost:3000"}
{"timestamp":"2025-04-14T12:35:45.863Z","level":"info","message":"Requisição externa bem-sucedida","durationMs":589}
{"timestamp":"2025-04-14T12:35:46.705Z","level":"info","message":"Requisição externa bem-sucedida","durationMs":432}
{"timestamp":"2025-04-14T12:35:47.775Z","level":"info","message":"Chamada ao endpoint interno"}
{"timestamp":"2025-04-14T12:35:48.017Z","level":"info","message":"Requisição externa bem-sucedida","durationMs":741}
{"timestamp":"2025-04-14T12:35:49.925Z","level":"info","message":"Requisição externa bem-sucedida","durationMs":649}
{"timestamp":"2025-04-14T12:35:50.843Z","level":"info","message":"Requisição externa bem-sucedida","durationMs":2567}
{"timestamp":"2025-04-14T12:35:51.074Z","level":"info","message":"Requisição externa bem-sucedida","durationMs":796}
{"timestamp":"2025-04-14T12:35:52.553Z","level":"info","message":"Requisição externa bem-sucedida","durationMs":1274}
{"timestamp":"2025-04-14T12:35:52.768Z","level":"info","message":"Chamada ao endpoint interno"}
{"timestamp":"2025-04-14T12:35:52.854Z","level":"info","message":"Requisição externa bem-sucedida","durationMs":575}
{"timestamp":"2025-04-14T12:35:53.731Z","level":"info","message":"Requisição externa bem-sucedida","durationMs":451}
{"timestamp":"2025-04-14T12:35:54.850Z","level":"info","message":"Requisição externa bem-sucedida","durationMs":570}
{"timestamp":"2025-04-14T12:35:55.850Z","level":"info","message":"Requisição externa bem-sucedida","durationMs":569}
{"timestamp":"2025-04-14T12:35:57.275Z","level":"info","message":"Requisição externa bem-sucedida","durationMs":994}
{"timestamp":"2025-04-14T12:35:57.775Z","level":"info","message":"Chamada ao endpoint interno"}
{"timestamp":"2025-04-14T12:35:58.381Z","level":"info","message":"Requisição externa bem-sucedida","durationMs":1098}
{"timestamp":"2025-04-14T12:35:59.024Z","level":"info","message":"Requisição externa bem-sucedida","durationMs":741}
{"timestamp":"2025-04-14T12:36:00.141Z","level":"info","message":"Requisição externa bem-sucedida","durationMs":857}
{"timestamp":"2025-04-14T12:36:01.209Z","level":"error","message":"Erro em requisição externa","error":"Request failed with status code 502"}
{"timestamp":"2025-04-14T12:36:02.330Z","level":"info","message":"Requisição externa bem-sucedida","durationMs":1045}
{"timestamp":"2025-04-14T12:36:02.769Z","level":"info","message":"Chamada ao endpoint interno"}
{"timestamp":"2025-04-14T12:36:02.866Z","level":"info","message":"Requisição externa bem-sucedida","durationMs":580}
{"timestamp":"2025-04-14T12:36:04.461Z","level":"info","message":"Requisição externa bem-sucedida","durationMs":1174}
{"timestamp":"2025-04-14T12:36:04.860Z","level":"info","message":"Requisição externa bem-sucedida","durationMs":572}
{"timestamp":"2025-04-14T12:36:06.796Z","level":"info","message":"Requisição externa bem-sucedida","durationMs":1508}
{"timestamp":"2025-04-14T12:36:06.857Z","level":"info","message":"Requisição externa bem-sucedida","durationMs":568}
{"timestamp":"2025-04-14T12:36:07.803Z","level":"info","message":"Chamada ao endpoint interno"}
{"timestamp":"2025-04-14T12:36:08.188Z","level":"info","message":"Requisição externa bem-sucedida","durationMs":898}
{"timestamp":"2025-04-14T12:36:09.430Z","level":"info","message":"Requisição externa bem-sucedida","durationMs":1136}
{"timestamp":"2025-04-14T12:36:10.155Z","level":"info","message":"Requisição externa bem-sucedida","durationMs":859}
{"timestamp":"2025-04-14T12:36:10.859Z","level":"info","message":"Requisição externa bem-sucedida","durationMs":564}
{"timestamp":"2025-04-14T12:36:11.871Z","level":"info","message":"Requisição externa bem-sucedida","durationMs":575}
{"timestamp":"2025-04-14T12:36:12.797Z","level":"info","message":"Chamada ao endpoint interno"}
{"timestamp":"2025-04-14T12:36:13.554Z","level":"info","message":"Requisição externa bem-sucedida","durationMs":1257}
{"timestamp":"2025-04-14T12:36:14.051Z","level":"info","message":"Requisição externa bem-sucedida","durationMs":754}
{"timestamp":"2025-04-14T12:36:15.698Z","level":"info","message":"App de observabilidade rodando em http://localhost:3000"}
{"timestamp":"2025-04-14T12:36:17.368Z","level":"info","message":"Requisição externa bem-sucedida","durationMs":671}
{"timestamp":"2025-04-14T12:36:17.999Z","level":"info","message":"Chamada ao endpoint interno"}
{"timestamp":"2025-04-14T12:36:19.989Z","level":"info","message":"Requisição externa bem-sucedida","durationMs":1289}
{"timestamp":"2025-04-14T12:36:20.273Z","level":"info","message":"Requisição externa bem-sucedida","durationMs":572}
{"timestamp":"2025-04-14T12:36:20.553Z","level":"info","message":"Requisição externa bem-sucedida","durationMs":2854}
{"timestamp":"2025-04-14T12:36:21.931Z","level":"info","message":"Requisição externa bem-sucedida","durationMs":1229}
{"timestamp":"2025-04-14T12:36:22.336Z","level":"info","message":"Requisição externa bem-sucedida","durationMs":634}
{"timestamp":"2025-04-14T12:36:22.996Z","level":"info","message":"Chamada ao endpoint interno"}
{"timestamp":"2025-04-14T12:36:23.127Z","level":"info","message":"Requisição externa bem-sucedida","durationMs":424}
{"timestamp":"2025-04-14T12:36:24.130Z","level":"info","message":"Requisição externa bem-sucedida","durationMs":427}
{"timestamp":"2025-04-14T12:36:25.282Z","level":"info","message":"Requisição externa bem-sucedida","durationMs":578}
{"timestamp":"2025-04-14T12:36:26.663Z","level":"info","message":"Requisição externa bem-sucedida","durationMs":958}
{"timestamp":"2025-04-14T12:36:27.329Z","level":"info","message":"Requisição externa bem-sucedida","durationMs":623}
{"timestamp":"2025-04-14T12:36:28.005Z","level":"info","message":"Chamada ao endpoint interno"}
{"timestamp":"2025-04-14T12:36:28.325Z","level":"info","message":"Requisição externa bem-sucedida","durationMs":618}
{"timestamp":"2025-04-14T12:36:29.580Z","level":"info","message":"Requisição externa bem-sucedida","durationMs":870}
{"timestamp":"2025-04-14T12:36:30.291Z","level":"info","message":"Requisição externa bem-sucedida","durationMs":580}
{"timestamp":"2025-04-14T12:36:31.343Z","level":"info","message":"Requisição externa bem-sucedida","durationMs":632}
{"timestamp":"2025-04-14T12:36:32.276Z","level":"info","message":"Requisição externa bem-sucedida","durationMs":564}
{"timestamp":"2025-04-14T12:36:32.996Z","level":"info","message":"Chamada ao endpoint interno"}
{"timestamp":"2025-04-14T12:36:33.461Z","level":"info","message":"Requisição externa bem-sucedida","durationMs":748}
{"timestamp":"2025-04-14T12:36:35.292Z","level":"info","message":"Requisição externa bem-sucedida","durationMs":578}
{"timestamp":"2025-04-14T12:36:35.337Z","level":"info","message":"Requisição externa bem-sucedida","durationMs":1623}
{"timestamp":"2025-04-14T12:36:37.193Z","level":"info","message":"Requisição externa bem-sucedida","durationMs":1479}
{"timestamp":"2025-04-14T12:36:37.997Z","level":"info","message":"Chamada ao endpoint interno"}
{"timestamp":"2025-04-14T12:36:38.074Z","level":"error","message":"Erro em requisição externa","error":"Request failed with status code 502"}
{"timestamp":"2025-04-14T12:36:39.150Z","level":"info","message":"Requisição externa bem-sucedida","durationMs":1433}
{"timestamp":"2025-04-14T12:36:39.285Z","level":"info","message":"Requisição externa bem-sucedida","durationMs":567}
{"timestamp":"2025-04-14T12:36:40.149Z","level":"info","message":"Requisição externa bem-sucedida","durationMs":431}
{"timestamp":"2025-04-14T12:36:41.387Z","level":"info","message":"Requisição externa bem-sucedida","durationMs":668}
{"timestamp":"2025-04-14T12:36:42.927Z","level":"info","message":"Requisição externa bem-sucedida","durationMs":1206}
{"timestamp":"2025-04-14T12:36:42.998Z","level":"info","message":"Chamada ao endpoint interno"}
{"timestamp":"2025-04-14T12:36:43.749Z","level":"info","message":"Requisição externa bem-sucedida","durationMs":1025}
{"timestamp":"2025-04-14T12:36:44.297Z","level":"info","message":"Requisição externa bem-sucedida","durationMs":572}
{"timestamp":"2025-04-14T12:36:52.414Z","level":"info","message":"Requisição externa bem-sucedida","durationMs":6685}
{"timestamp":"2025-04-14T12:36:47.287Z","level":"info","message":"Requisição externa bem-sucedida","durationMs":2561}
{"timestamp":"2025-04-14T12:36:47.326Z","level":"info","message":"Requisição externa bem-sucedida","durationMs":590}
{"timestamp":"2025-04-14T12:36:48.001Z","level":"info","message":"Chamada ao endpoint interno"}
{"timestamp":"2025-04-14T12:36:48.569Z","level":"info","message":"Requisição externa bem-sucedida","durationMs":831}
{"timestamp":"2025-04-14T12:36:49.336Z","level":"info","message":"Requisição externa bem-sucedida","durationMs":597}
{"timestamp":"2025-04-14T12:36:50.171Z","level":"info","message":"Requisição externa bem-sucedida","durationMs":431}
{"timestamp":"2025-04-14T12:36:51.389Z","level":"info","message":"Requisição externa bem-sucedida","durationMs":647}
{"timestamp":"2025-04-14T12:36:52.175Z","level":"info","message":"Requisição externa bem-sucedida","durationMs":434}
{"timestamp":"2025-04-14T12:36:53.000Z","level":"info","message":"Chamada ao endpoint interno"}
{"timestamp":"2025-04-14T12:36:53.320Z","level":"info","message":"Requisição externa bem-sucedida","durationMs":576}
{"timestamp":"2025-04-14T12:36:54.311Z","level":"info","message":"Requisição externa bem-sucedida","durationMs":566}
{"timestamp":"2025-04-14T12:36:55.312Z","level":"info","message":"Requisição externa bem-sucedida","durationMs":562}
{"timestamp":"2025-04-14T12:36:56.435Z","level":"info","message":"Requisição externa bem-sucedida","durationMs":686}
{"timestamp":"2025-04-14T12:36:57.321Z","level":"info","message":"Requisição externa bem-sucedida","durationMs":571}
{"timestamp":"2025-04-14T12:36:58.002Z","level":"info","message":"Chamada ao endpoint interno"}
{"timestamp":"2025-04-14T12:36:58.884Z","level":"info","message":"Requisição externa bem-sucedida","durationMs":1133}
{"timestamp":"2025-04-14T12:36:59.328Z","level":"info","message":"Requisição externa bem-sucedida","durationMs":577}
{"timestamp":"2025-04-14T12:37:00.320Z","level":"info","message":"Requisição externa bem-sucedida","durationMs":567}
{"timestamp":"2025-04-14T12:37:02.158Z","level":"info","message":"Requisição externa bem-sucedida","durationMs":1405}
{"timestamp":"2025-04-14T12:37:02.445Z","level":"info","message":"Requisição externa bem-sucedida","durationMs":692}
{"timestamp":"2025-04-14T12:37:03.009Z","level":"info","message":"Chamada ao endpoint interno"}
{"timestamp":"2025-04-14T12:37:04.614Z","level":"info","message":"Requisição externa bem-sucedida","durationMs":858}
{"timestamp":"2025-04-14T12:37:05.195Z","level":"info","message":"Requisição externa bem-sucedida","durationMs":2440}
{"timestamp":"2025-04-14T12:37:05.741Z","level":"info","message":"Requisição externa bem-sucedida","durationMs":984}
{"timestamp":"2025-04-14T12:37:07.336Z","level":"info","message":"Requisição externa bem-sucedida","durationMs":576}
{"timestamp":"2025-04-14T12:37:07.604Z","level":"info","message":"Requisição externa bem-sucedida","durationMs":1847}
{"timestamp":"2025-04-14T12:37:08.006Z","level":"info","message":"Chamada ao endpoint interno"}
{"timestamp":"2025-04-14T12:37:08.650Z","level":"info","message":"Requisição externa bem-sucedida","durationMs":887}
{"timestamp":"2025-04-14T12:37:10.335Z","level":"info","message":"Requisição externa bem-sucedida","durationMs":570}
{"timestamp":"2025-04-14T12:37:10.446Z","level":"info","message":"Requisição externa bem-sucedida","durationMs":1683}
{"timestamp":"2025-04-14T12:37:11.363Z","level":"info","message":"Requisição externa bem-sucedida","durationMs":598}
{"timestamp":"2025-04-14T12:37:12.608Z","level":"info","message":"Requisição externa bem-sucedida","durationMs":842}
{"timestamp":"2025-04-14T12:37:13.007Z","level":"info","message":"Chamada ao endpoint interno"}
{"timestamp":"2025-04-14T12:37:13.349Z","level":"info","message":"Requisição externa bem-sucedida","durationMs":581}
{"timestamp":"2025-04-14T12:37:15.432Z","level":"info","message":"Requisição externa bem-sucedida","durationMs":663}
{"timestamp":"2025-04-14T12:37:15.562Z","level":"info","message":"Requisição externa bem-sucedida","durationMs":1793}
{"timestamp":"2025-04-14T12:37:17.558Z","level":"info","message":"Requisição externa bem-sucedida","durationMs":1788}
{"timestamp":"2025-04-14T12:37:18.008Z","level":"info","message":"Chamada ao endpoint interno"}
{"timestamp":"2025-04-14T12:37:18.043Z","level":"info","message":"Requisição externa bem-sucedida","durationMs":1272}
{"timestamp":"2025-04-14T12:37:18.884Z","level":"info","message":"Requisição externa bem-sucedida","durationMs":1111}
{"timestamp":"2025-04-14T12:37:19.647Z","level":"info","message":"Requisição externa bem-sucedida","durationMs":873}
{"timestamp":"2025-04-14T12:37:20.291Z","level":"info","message":"Requisição externa bem-sucedida","durationMs":515}
{"timestamp":"2025-04-14T12:37:21.355Z","level":"info","message":"Requisição externa bem-sucedida","durationMs":577}
{"timestamp":"2025-04-14T12:37:22.543Z","level":"info","message":"Requisição externa bem-sucedida","durationMs":760}
{"timestamp":"2025-04-14T12:37:23.010Z","level":"info","message":"Chamada ao endpoint interno"}
{"timestamp":"2025-04-14T12:37:23.216Z","level":"info","message":"Requisição externa bem-sucedida","durationMs":430}
{"timestamp":"2025-04-14T12:37:24.368Z","level":"info","message":"Requisição externa bem-sucedida","durationMs":580}
{"timestamp":"2025-04-14T12:37:25.628Z","level":"info","message":"Requisição externa bem-sucedida","durationMs":839}
{"timestamp":"2025-04-14T12:37:27.405Z","level":"info","message":"Requisição externa bem-sucedida","durationMs":1613}
{"timestamp":"2025-04-14T12:37:27.925Z","level":"info","message":"Requisição externa bem-sucedida","durationMs":1131}
{"timestamp":"2025-04-14T12:37:28.003Z","level":"info","message":"Chamada ao endpoint interno"}
{"timestamp":"2025-04-14T12:37:28.433Z","level":"info","message":"Requisição externa bem-sucedida","durationMs":639}
{"timestamp":"2025-04-14T12:37:29.880Z","level":"info","message":"Requisição externa bem-sucedida","durationMs":1085}
{"timestamp":"2025-04-14T12:37:30.378Z","level":"info","message":"Requisição externa bem-sucedida","durationMs":581}
{"timestamp":"2025-04-14T12:37:33.007Z","level":"info","message":"Chamada ao endpoint interno"}
{"timestamp":"2025-04-14T12:37:33.153Z","level":"info","message":"Requisição externa bem-sucedida","durationMs":1352}
{"timestamp":"2025-04-14T12:37:33.303Z","level":"info","message":"Requisição externa bem-sucedida","durationMs":2504}
{"timestamp":"2025-04-14T12:37:33.369Z","level":"info","message":"Requisição externa bem-sucedida","durationMs":569}
{"timestamp":"2025-04-14T12:37:34.739Z","level":"info","message":"Requisição externa bem-sucedida","durationMs":937}
{"timestamp":"2025-04-14T12:37:35.801Z","level":"info","message":"Requisição externa bem-sucedida","durationMs":998}
{"timestamp":"2025-04-14T12:37:37.238Z","level":"info","message":"Requisição externa bem-sucedida","durationMs":1433}
{"timestamp":"2025-04-14T12:37:38.004Z","level":"info","message":"Chamada ao endpoint interno"}
{"timestamp":"2025-04-14T12:37:38.062Z","level":"info","message":"Requisição externa bem-sucedida","durationMs":1252}
{"timestamp":"2025-04-14T12:37:38.373Z","level":"info","message":"Requisição externa bem-sucedida","durationMs":562}
{"timestamp":"2025-04-14T12:37:39.380Z","level":"info","message":"Requisição externa bem-sucedida","durationMs":569}
{"timestamp":"2025-04-14T12:37:40.381Z","level":"info","message":"Requisição externa bem-sucedida","durationMs":568}
{"timestamp":"2025-04-14T12:37:41.384Z","level":"info","message":"Requisição externa bem-sucedida","durationMs":570}
{"timestamp":"2025-04-14T12:37:43.005Z","level":"info","message":"Chamada ao endpoint interno"}
{"timestamp":"2025-04-14T12:37:43.281Z","level":"info","message":"Requisição externa bem-sucedida","durationMs":1465}
{"timestamp":"2025-04-14T12:37:43.629Z","level":"info","message":"Requisição externa bem-sucedida","durationMs":814}
{"timestamp":"2025-04-14T12:37:44.630Z","level":"info","message":"Requisição externa bem-sucedida","durationMs":811}
{"timestamp":"2025-04-14T12:37:45.908Z","level":"info","message":"Requisição externa bem-sucedida","durationMs":1088}
{"timestamp":"2025-04-14T12:37:46.620Z","level":"info","message":"Requisição externa bem-sucedida","durationMs":799}
{"timestamp":"2025-04-14T12:37:48.006Z","level":"info","message":"Chamada ao endpoint interno"}
{"timestamp":"2025-04-14T12:37:48.305Z","level":"info","message":"Requisição externa bem-sucedida","durationMs":1483}
{"timestamp":"2025-04-14T12:37:48.402Z","level":"info","message":"Requisição externa bem-sucedida","durationMs":579}
{"timestamp":"2025-04-14T12:37:49.732Z","level":"info","message":"Requisição externa bem-sucedida","durationMs":907}
{"timestamp":"2025-04-14T12:37:50.393Z","level":"info","message":"Requisição externa bem-sucedida","durationMs":566}
{"timestamp":"2025-04-14T12:37:51.771Z","level":"info","message":"Requisição externa bem-sucedida","durationMs":942}
{"timestamp":"2025-04-14T12:37:52.399Z","level":"info","message":"Requisição externa bem-sucedida","durationMs":569}
{"timestamp":"2025-04-14T12:37:53.006Z","level":"info","message":"Chamada ao endpoint interno"}
{"timestamp":"2025-04-14T12:37:53.594Z","level":"info","message":"Requisição externa bem-sucedida","durationMs":763}
{"timestamp":"2025-04-14T12:37:54.853Z","level":"info","message":"Requisição externa bem-sucedida","durationMs":1021}
{"timestamp":"2025-04-14T12:37:56.036Z","level":"info","message":"Requisição externa bem-sucedida","durationMs":1202}
{"timestamp":"2025-04-14T12:37:56.417Z","level":"info","message":"Requisição externa bem-sucedida","durationMs":577}
{"timestamp":"2025-04-14T12:37:57.266Z","level":"info","message":"Requisição externa bem-sucedida","durationMs":426}
{"timestamp":"2025-04-14T12:37:58.092Z","level":"info","message":"Chamada ao endpoint interno"}
{"timestamp":"2025-04-14T12:37:58.440Z","level":"info","message":"Requisição externa bem-sucedida","durationMs":599}
{"timestamp":"2025-04-14T12:38:00.451Z","level":"info","message":"Requisição externa bem-sucedida","durationMs":1610}
{"timestamp":"2025-04-14T12:38:00.561Z","level":"info","message":"Requisição externa bem-sucedida","durationMs":718}
{"timestamp":"2025-04-14T12:38:02.677Z","level":"info","message":"Requisição externa bem-sucedida","durationMs":830}
{"timestamp":"2025-04-14T12:38:03.078Z","level":"info","message":"Chamada ao endpoint interno"}
{"timestamp":"2025-04-14T12:38:03.105Z","level":"info","message":"Requisição externa bem-sucedida","durationMs":2260}
{"timestamp":"2025-04-14T12:38:03.409Z","level":"info","message":"Requisição externa bem-sucedida","durationMs":562}
{"timestamp":"2025-04-14T12:38:05.160Z","level":"error","message":"Erro em requisição externa","error":"Request failed with status code 502"}
{"timestamp":"2025-04-14T12:38:05.417Z","level":"info","message":"Requisição externa bem-sucedida","durationMs":568}
{"timestamp":"2025-04-14T12:38:07.832Z","level":"info","message":"Requisição externa bem-sucedida","durationMs":1984}
{"timestamp":"2025-04-14T12:38:08.080Z","level":"info","message":"Chamada ao endpoint interno"}
{"timestamp":"2025-04-14T12:38:08.710Z","level":"info","message":"Requisição externa bem-sucedida","durationMs":859}
{"timestamp":"2025-04-14T12:38:09.013Z","level":"info","message":"Requisição externa bem-sucedida","durationMs":2164}
{"timestamp":"2025-04-14T12:38:09.842Z","level":"info","message":"Requisição externa bem-sucedida","durationMs":991}
{"timestamp":"2025-04-14T12:38:10.794Z","level":"info","message":"Requisição externa bem-sucedida","durationMs":941}
{"timestamp":"2025-04-14T12:38:11.427Z","level":"info","message":"Requisição externa bem-sucedida","durationMs":575}
{"timestamp":"2025-04-14T12:38:12.615Z","level":"info","message":"Requisição externa bem-sucedida","durationMs":763}
{"timestamp":"2025-04-14T12:38:13.080Z","level":"info","message":"Chamada ao endpoint interno"}
{"timestamp":"2025-04-14T12:38:13.481Z","level":"info","message":"Requisição externa bem-sucedida","durationMs":628}
{"timestamp":"2025-04-14T12:38:14.437Z","level":"info","message":"Requisição externa bem-sucedida","durationMs":583}
{"timestamp":"2025-04-14T12:38:15.949Z","level":"info","message":"Requisição externa bem-sucedida","durationMs":1096}
{"timestamp":"2025-04-14T12:38:18.122Z","level":"info","message":"Chamada ao endpoint interno"}
{"timestamp":"2025-04-14T12:38:18.341Z","level":"info","message":"Requisição externa bem-sucedida","durationMs":2486}
{"timestamp":"2025-04-14T12:38:19.400Z","level":"info","message":"Requisição externa bem-sucedida","durationMs":2546}
{"timestamp":"2025-04-14T12:38:20.178Z","level":"info","message":"Requisição externa bem-sucedida","durationMs":1324}
{"timestamp":"2025-04-14T12:38:20.861Z","level":"error","message":"Erro em requisição externa","error":"timeout of 3000ms exceeded"}
{"timestamp":"2025-04-14T12:38:21.453Z","level":"info","message":"Requisição externa bem-sucedida","durationMs":597}
{"timestamp":"2025-04-14T12:38:22.859Z","level":"error","message":"Erro em requisição externa","error":"timeout of 3000ms exceeded"}
{"timestamp":"2025-04-14T12:38:22.955Z","level":"info","message":"Requisição externa bem-sucedida","durationMs":1098}
{"timestamp":"2025-04-14T12:38:23.120Z","level":"info","message":"Chamada ao endpoint interno"}
{"timestamp":"2025-04-14T12:38:23.868Z","level":"info","message":"Requisição externa bem-sucedida","durationMs":1011}
{"timestamp":"2025-04-14T12:38:24.762Z","level":"info","message":"Requisição externa bem-sucedida","durationMs":904}
{"timestamp":"2025-04-14T12:38:26.614Z","level":"info","message":"Requisição externa bem-sucedida","durationMs":755}
{"timestamp":"2025-04-14T12:38:27.862Z","level":"error","message":"Erro em requisição externa","error":"timeout of 3000ms exceeded"}
{"timestamp":"2025-04-14T12:38:28.118Z","level":"info","message":"Chamada ao endpoint interno"}
{"timestamp":"2025-04-14T12:38:28.538Z","level":"info","message":"Requisição externa bem-sucedida","durationMs":1679}
{"timestamp":"2025-04-14T12:38:28.958Z","level":"info","message":"Requisição externa bem-sucedida","durationMs":1099}
{"timestamp":"2025-04-14T12:38:29.736Z","level":"info","message":"Requisição externa bem-sucedida","durationMs":876}
{"timestamp":"2025-04-14T12:38:30.427Z","level":"info","message":"Requisição externa bem-sucedida","durationMs":566}
{"timestamp":"2025-04-14T12:38:32.364Z","level":"info","message":"Requisição externa bem-sucedida","durationMs":1502}
{"timestamp":"2025-04-14T12:38:33.125Z","level":"info","message":"Chamada ao endpoint interno"}
{"timestamp":"2025-04-14T12:38:33.646Z","level":"info","message":"Requisição externa bem-sucedida","durationMs":782}
{"timestamp":"2025-04-14T12:38:33.680Z","level":"info","message":"Requisição externa bem-sucedida","durationMs":1818}
{"timestamp":"2025-04-14T12:38:34.437Z","level":"info","message":"Requisição externa bem-sucedida","durationMs":573}
{"timestamp":"2025-04-14T12:38:35.728Z","level":"info","message":"Requisição externa bem-sucedida","durationMs":863}
{"timestamp":"2025-04-14T12:38:37.440Z","level":"info","message":"Requisição externa bem-sucedida","durationMs":571}
{"timestamp":"2025-04-14T12:38:37.813Z","level":"info","message":"Requisição externa bem-sucedida","durationMs":1946}
{"timestamp":"2025-04-14T12:38:38.119Z","level":"info","message":"Chamada ao endpoint interno"}
{"timestamp":"2025-04-14T12:38:39.445Z","level":"info","message":"Requisição externa bem-sucedida","durationMs":573}
{"timestamp":"2025-04-14T12:38:39.838Z","level":"info","message":"Requisição externa bem-sucedida","durationMs":1967}
{"timestamp":"2025-04-14T12:38:40.648Z","level":"info","message":"Requisição externa bem-sucedida","durationMs":775}
{"timestamp":"2025-04-14T12:38:41.490Z","level":"info","message":"Requisição externa bem-sucedida","durationMs":617}
{"timestamp":"2025-04-14T12:38:42.542Z","level":"info","message":"Requisição externa bem-sucedida","durationMs":669}
{"timestamp":"2025-04-14T12:38:43.125Z","level":"info","message":"Chamada ao endpoint interno"}
{"timestamp":"2025-04-14T12:38:44.804Z","level":"info","message":"Requisição externa bem-sucedida","durationMs":928}
{"timestamp":"2025-04-14T12:38:44.924Z","level":"info","message":"Requisição externa bem-sucedida","durationMs":2049}
{"timestamp":"2025-04-14T12:38:46.152Z","level":"info","message":"Requisição externa bem-sucedida","durationMs":1275}
{"timestamp":"2025-04-14T12:38:46.762Z","level":"info","message":"Requisição externa bem-sucedida","durationMs":883}
{"timestamp":"2025-04-14T12:38:48.121Z","level":"info","message":"Chamada ao endpoint interno"}
{"timestamp":"2025-04-14T12:38:48.312Z","level":"info","message":"Requisição externa bem-sucedida","durationMs":430}
{"timestamp":"2025-04-14T12:38:48.598Z","level":"info","message":"Requisição externa bem-sucedida","durationMs":1717}
{"timestamp":"2025-04-14T12:38:49.858Z","level":"info","message":"Requisição externa bem-sucedida","durationMs":975}
{"timestamp":"2025-04-14T12:38:50.464Z","level":"info","message":"Requisição externa bem-sucedida","durationMs":581}
{"timestamp":"2025-04-14T12:38:52.311Z","level":"info","message":"Requisição externa bem-sucedida","durationMs":428}
{"timestamp":"2025-04-14T12:38:52.826Z","level":"info","message":"Requisição externa bem-sucedida","durationMs":1943}
{"timestamp":"2025-04-14T12:38:53.128Z","level":"info","message":"Chamada ao endpoint interno"}
{"timestamp":"2025-04-14T12:38:53.456Z","level":"info","message":"Requisição externa bem-sucedida","durationMs":571}
{"timestamp":"2025-04-14T12:38:54.981Z","level":"info","message":"Requisição externa bem-sucedida","durationMs":1095}
{"timestamp":"2025-04-14T12:38:56.249Z","level":"info","message":"Requisição externa bem-sucedida","durationMs":1362}
{"timestamp":"2025-04-14T12:38:56.464Z","level":"info","message":"Requisição externa bem-sucedida","durationMs":576}
{"timestamp":"2025-04-14T12:38:58.073Z","level":"info","message":"Requisição externa bem-sucedida","durationMs":1185}
{"timestamp":"2025-04-14T12:38:58.126Z","level":"info","message":"Chamada ao endpoint interno"}
{"timestamp":"2025-04-14T12:38:58.500Z","level":"info","message":"Requisição externa bem-sucedida","durationMs":611}
{"timestamp":"2025-04-14T12:39:00.479Z","level":"info","message":"Requisição externa bem-sucedida","durationMs":1589}
{"timestamp":"2025-04-14T12:39:00.868Z","level":"info","message":"Requisição externa bem-sucedida","durationMs":977}
{"timestamp":"2025-04-14T12:39:02.173Z","level":"info","message":"Requisição externa bem-sucedida","durationMs":1282}
{"timestamp":"2025-04-14T12:39:02.316Z","level":"info","message":"Requisição externa bem-sucedida","durationMs":424}
{"timestamp":"2025-04-14T12:39:03.123Z","level":"info","message":"Chamada ao endpoint interno"}
{"timestamp":"2025-04-14T12:39:03.463Z","level":"info","message":"Requisição externa bem-sucedida","durationMs":570}
{"timestamp":"2025-04-14T12:39:04.326Z","level":"info","message":"Requisição externa bem-sucedida","durationMs":432}
{"timestamp":"2025-04-14T12:39:05.464Z","level":"info","message":"Requisição externa bem-sucedida","durationMs":570}
{"timestamp":"2025-04-14T12:39:06.467Z","level":"info","message":"Requisição externa bem-sucedida","durationMs":573}
{"timestamp":"2025-04-14T12:39:07.463Z","level":"info","message":"Requisição externa bem-sucedida","durationMs":568}
{"timestamp":"2025-04-14T12:39:08.125Z","level":"info","message":"Chamada ao endpoint interno"}
{"timestamp":"2025-04-14T12:39:08.590Z","level":"info","message":"Requisição externa bem-sucedida","durationMs":694}
{"timestamp":"2025-04-14T12:39:09.463Z","level":"info","message":"Requisição externa bem-sucedida","durationMs":566}
{"timestamp":"2025-04-14T12:39:11.349Z","level":"info","message":"Requisição externa bem-sucedida","durationMs":1452}
{"timestamp":"2025-04-14T12:39:12.015Z","level":"info","message":"Requisição externa bem-sucedida","durationMs":1118}
{"timestamp":"2025-04-14T12:39:12.478Z","level":"info","message":"Requisição externa bem-sucedida","durationMs":579}
{"timestamp":"2025-04-14T12:39:13.124Z","level":"info","message":"Chamada ao endpoint interno"}
{"timestamp":"2025-04-14T12:39:13.471Z","level":"info","message":"Requisição externa bem-sucedida","durationMs":572}
{"timestamp":"2025-04-14T12:39:14.730Z","level":"info","message":"Requisição externa bem-sucedida","durationMs":830}
{"timestamp":"2025-04-14T12:39:15.463Z","level":"info","message":"Requisição externa bem-sucedida","durationMs":562}
{"timestamp":"2025-04-14T12:39:16.469Z","level":"info","message":"Requisição externa bem-sucedida","durationMs":568}
{"timestamp":"2025-04-14T12:39:17.520Z","level":"info","message":"Requisição externa bem-sucedida","durationMs":618}
{"timestamp":"2025-04-14T12:39:18.124Z","level":"info","message":"Chamada ao endpoint interno"}
{"timestamp":"2025-04-14T12:39:18.729Z","level":"info","message":"Requisição externa bem-sucedida","durationMs":827}
{"timestamp":"2025-04-14T12:39:19.842Z","level":"info","message":"Requisição externa bem-sucedida","durationMs":938}
{"timestamp":"2025-04-14T12:39:21.240Z","level":"info","message":"Requisição externa bem-sucedida","durationMs":1335}
{"timestamp":"2025-04-14T12:39:22.780Z","level":"info","message":"Requisição externa bem-sucedida","durationMs":1874}
{"timestamp":"2025-04-14T12:39:23.124Z","level":"info","message":"Chamada ao endpoint interno"}
{"timestamp":"2025-04-14T12:39:23.320Z","level":"info","message":"Requisição externa bem-sucedida","durationMs":1414}
{"timestamp":"2025-04-14T12:39:23.478Z","level":"info","message":"Requisição externa bem-sucedida","durationMs":571}
{"timestamp":"2025-04-14T12:39:24.328Z","level":"info","message":"Requisição externa bem-sucedida","durationMs":420}
{"timestamp":"2025-04-14T12:39:25.488Z","level":"info","message":"Requisição externa bem-sucedida","durationMs":580}
{"timestamp":"2025-04-14T12:39:27.338Z","level":"info","message":"Requisição externa bem-sucedida","durationMs":1428}
{"timestamp":"2025-04-14T12:39:27.479Z","level":"info","message":"Requisição externa bem-sucedida","durationMs":568}
{"timestamp":"2025-04-14T12:39:28.125Z","level":"info","message":"Chamada ao endpoint interno"}
{"timestamp":"2025-04-14T12:39:28.718Z","level":"info","message":"Requisição externa bem-sucedida","durationMs":806}
{"timestamp":"2025-04-14T12:39:30.157Z","level":"info","message":"Requisição externa bem-sucedida","durationMs":1244}
{"timestamp":"2025-04-14T12:39:30.486Z","level":"info","message":"Requisição externa bem-sucedida","durationMs":571}
{"timestamp":"2025-04-14T12:39:31.647Z","level":"info","message":"Requisição externa bem-sucedida","durationMs":731}
{"timestamp":"2025-04-14T12:39:32.739Z","level":"info","message":"Requisição externa bem-sucedida","durationMs":823}
{"timestamp":"2025-04-14T12:39:33.125Z","level":"info","message":"Chamada ao endpoint interno"}
{"timestamp":"2025-04-14T12:39:34.270Z","level":"info","message":"Requisição externa bem-sucedida","durationMs":1353}
{"timestamp":"2025-04-14T12:39:35.141Z","level":"info","message":"Requisição externa bem-sucedida","durationMs":1224}
{"timestamp":"2025-04-14T12:39:35.483Z","level":"info","message":"Requisição externa bem-sucedida","durationMs":565}
{"timestamp":"2025-04-14T12:39:37.495Z","level":"info","message":"Requisição externa bem-sucedida","durationMs":575}
{"timestamp":"2025-04-14T12:39:37.673Z","level":"info","message":"Requisição externa bem-sucedida","durationMs":1755}
{"timestamp":"2025-04-14T12:39:38.129Z","level":"info","message":"Chamada ao endpoint interno"}
{"timestamp":"2025-04-14T12:39:38.496Z","level":"info","message":"Requisição externa bem-sucedida","durationMs":575}
{"timestamp":"2025-04-14T12:39:39.486Z","level":"info","message":"Requisição externa bem-sucedida","durationMs":565}
{"timestamp":"2025-04-14T12:39:40.487Z","level":"info","message":"Requisição externa bem-sucedida","durationMs":565}
{"timestamp":"2025-04-14T12:39:41.890Z","level":"info","message":"Requisição externa bem-sucedida","durationMs":967}
{"timestamp":"2025-04-14T12:39:42.491Z","level":"info","message":"Requisição externa bem-sucedida","durationMs":567}
{"timestamp":"2025-04-14T12:39:43.126Z","level":"info","message":"Chamada ao endpoint interno"}
{"timestamp":"2025-04-14T12:39:43.488Z","level":"info","message":"Requisição externa bem-sucedida","durationMs":563}
{"timestamp":"2025-04-14T12:39:44.516Z","level":"info","message":"Requisição externa bem-sucedida","durationMs":590}
{"timestamp":"2025-04-14T12:39:47.932Z","level":"error","message":"Erro em requisição externa","error":"timeout of 3000ms exceeded"}
{"timestamp":"2025-04-14T12:39:48.128Z","level":"info","message":"Chamada ao endpoint interno"}
{"timestamp":"2025-04-14T12:39:48.515Z","level":"info","message":"Requisição externa bem-sucedida","durationMs":2588}
{"timestamp":"2025-04-14T12:39:49.931Z","level":"error","message":"Erro em requisição externa","error":"timeout of 3000ms exceeded"}
{"timestamp":"2025-04-14T12:39:49.996Z","level":"info","message":"Requisição externa bem-sucedida","durationMs":2068}
{"timestamp":"2025-04-14T12:39:51.930Z","level":"error","message":"Erro em requisição externa","error":"timeout of 3000ms exceeded"}
{"timestamp":"2025-04-14T12:39:52.349Z","level":"info","message":"Requisição externa bem-sucedida","durationMs":2420}
{"timestamp":"2025-04-14T12:39:53.129Z","level":"info","message":"Chamada ao endpoint interno"}
{"timestamp":"2025-04-14T12:39:53.933Z","level":"error","message":"Erro em requisição externa","error":"timeout of 3000ms exceeded"}
{"timestamp":"2025-04-14T12:39:54.934Z","level":"error","message":"Erro em requisição externa","error":"timeout of 3000ms exceeded"}
{"timestamp":"2025-04-14T12:39:55.937Z","level":"error","message":"Erro em requisição externa","error":"timeout of 3000ms exceeded"}
{"timestamp":"2025-04-14T12:39:56.939Z","level":"error","message":"Erro em requisição externa","error":"timeout of 3000ms exceeded"}
{"timestamp":"2025-04-14T12:39:57.140Z","level":"info","message":"Requisição externa bem-sucedida","durationMs":2206}
{"timestamp":"2025-04-14T12:39:58.127Z","level":"info","message":"Chamada ao endpoint interno"}
{"timestamp":"2025-04-14T12:39:58.790Z","level":"info","message":"Requisição externa bem-sucedida","durationMs":1850}
{"timestamp":"2025-04-14T12:39:58.940Z","level":"error","message":"Erro em requisição externa","error":"timeout of 3000ms exceeded"}
{"timestamp":"2025-04-14T12:40:00.068Z","level":"info","message":"Requisição externa bem-sucedida","durationMs":2127}
{"timestamp":"2025-04-14T12:40:00.159Z","level":"info","message":"Requisição externa bem-sucedida","durationMs":1217}
{"timestamp":"2025-04-14T12:40:02.252Z","level":"info","message":"Requisição externa bem-sucedida","durationMs":1308}
{"timestamp":"2025-04-14T12:40:02.596Z","level":"info","message":"Requisição externa bem-sucedida","durationMs":2653}
{"timestamp":"2025-04-14T12:40:03.131Z","level":"info","message":"Chamada ao endpoint interno"}
{"timestamp":"2025-04-14T12:40:04.870Z","level":"info","message":"Requisição externa bem-sucedida","durationMs":923}
{"timestamp":"2025-04-14T12:40:04.946Z","level":"error","message":"Erro em requisição externa","error":"timeout of 3000ms exceeded"}
{"timestamp":"2025-04-14T12:40:05.200Z","level":"info","message":"Requisição externa bem-sucedida","durationMs":2255}
{"timestamp":"2025-04-14T12:40:07.071Z","level":"info","message":"Requisição externa bem-sucedida","durationMs":1124}
{"timestamp":"2025-04-14T12:40:07.951Z","level":"error","message":"Erro em requisição externa","error":"timeout of 3000ms exceeded"}
{"timestamp":"2025-04-14T12:40:08.130Z","level":"info","message":"Chamada ao endpoint interno"}
{"timestamp":"2025-04-14T12:40:08.629Z","level":"info","message":"Requisição externa bem-sucedida","durationMs":1682}
{"timestamp":"2025-04-14T12:40:08.753Z","level":"info","message":"Requisição externa bem-sucedida","durationMs":805}
{"timestamp":"2025-04-14T12:40:09.890Z","level":"info","message":"App de observabilidade rodando em http://localhost:3000"}
{"timestamp":"2025-04-14T12:40:13.138Z","level":"info","message":"Chamada ao endpoint interno"}
{"timestamp":"2025-04-14T12:40:13.769Z","level":"info","message":"App de observabilidade rodando em http://localhost:3000"}
{"timestamp":"2025-04-14T13:02:56.453Z","level":"info","message":"App de observabilidade rodando em http://localhost:3000"}
{"timestamp":"2025-04-14T13:02:58.596Z","level":"info","message":"Requisição externa bem-sucedida","durationMs":1145}
{"timestamp":"2025-04-14T13:02:59.404Z","level":"info","message":"Requisição externa bem-sucedida","durationMs":952}
{"timestamp":"2025-04-14T13:03:00.310Z","level":"info","message":"Requisição externa bem-sucedida","durationMs":857}
{"timestamp":"2025-04-14T13:03:02.732Z","level":"info","message":"Requisição externa bem-sucedida","durationMs":2278}
{"timestamp":"2025-04-14T13:03:02.970Z","level":"info","message":"Requisição externa bem-sucedida","durationMs":1516}
{"timestamp":"2025-04-14T13:03:03.388Z","level":"info","message":"Requisição externa bem-sucedida","durationMs":934}
{"timestamp":"2025-04-14T13:03:04.834Z","level":"info","message":"Requisição externa bem-sucedida","durationMs":1374}
{"timestamp":"2025-04-14T13:03:05.037Z","level":"info","message":"Requisição externa bem-sucedida","durationMs":577}
{"timestamp":"2025-04-14T13:03:06.037Z","level":"info","message":"Requisição externa bem-sucedida","durationMs":576}
{"timestamp":"2025-04-14T13:03:06.678Z","level":"info","message":"Chamada ao endpoint interno"}
{"timestamp":"2025-04-14T13:03:07.819Z","level":"info","message":"Requisição externa bem-sucedida","durationMs":1357}
{"timestamp":"2025-04-14T13:03:08.045Z","level":"info","message":"Requisição externa bem-sucedida","durationMs":583}
{"timestamp":"2025-04-14T13:03:09.843Z","level":"info","message":"Requisição externa bem-sucedida","durationMs":1380}
{"timestamp":"2025-04-14T13:03:09.899Z","level":"info","message":"Requisição externa bem-sucedida","durationMs":435}
{"timestamp":"2025-04-14T13:03:10.916Z","level":"info","message":"Requisição externa bem-sucedida","durationMs":451}
{"timestamp":"2025-04-14T13:03:12.238Z","level":"info","message":"Chamada ao endpoint interno"}
{"timestamp":"2025-04-14T13:03:12.415Z","level":"info","message":"Requisição externa bem-sucedida","durationMs":947}
{"timestamp":"2025-04-14T13:03:12.907Z","level":"info","message":"Requisição externa bem-sucedida","durationMs":438}
{"timestamp":"2025-04-14T13:19:27.588Z","level":"info","message":"App de observabilidade rodando em http://localhost:3000"}
{"timestamp":"2025-04-14T13:19:30.200Z","level":"info","message":"Requisição externa bem-sucedida","durationMs":610,"traceId":"f31c32eb766696ee70040feaafbb9f53","spanId":"5be79d9277c41022"}
{"timestamp":"2025-04-14T13:19:30.501Z","level":"info","message":"Requisição externa bem-sucedida","durationMs":1912,"traceId":"8a6eb901a932f6419099e16735863418","spanId":"4384e3e86eb7715e"}
{"timestamp":"2025-04-14T13:19:32.464Z","level":"info","message":"Requisição externa bem-sucedida","durationMs":1872,"traceId":"adf7b9f2aa2aac9ac0f8fb8e318918b6","spanId":"183d5de6989646b4"}
{"timestamp":"2025-04-14T13:19:33.012Z","level":"info","message":"Requisição externa bem-sucedida","durationMs":1419,"traceId":"3da2b5b196c24c611101b3749885fe3e","spanId":"42cf2eab2bcabfcd"}
{"timestamp":"2025-04-14T13:19:35.401Z","level":"info","message":"Requisição externa bem-sucedida","durationMs":1804,"traceId":"e589325e0c2a8a48ef70be0dbc9fc4bf","spanId":"37f219412006bc78"}
{"timestamp":"2025-04-14T13:19:35.500Z","level":"info","message":"Requisição externa bem-sucedida","durationMs":903,"traceId":"0e801af28481d1f19b844e23c67683b2","spanId":"9b4736ab2586eb6c"}
{"timestamp":"2025-04-14T13:19:35.553Z","level":"info","message":"Requisição externa bem-sucedida","durationMs":2959,"traceId":"eef8797b662d805e84f0b018c052b245","spanId":"de4e45d7f6a169e4"}
{"timestamp":"2025-04-14T13:19:37.032Z","level":"info","message":"Chamada ao endpoint interno","traceId":"f83e3fe9d69857cde099999c4500f0e6","spanId":"24b1cf022136aa81"}
{"timestamp":"2025-04-14T13:19:37.096Z","level":"info","message":"Requisição externa bem-sucedida","durationMs":1494,"traceId":"5299c48c190751c581170395f37092d6","spanId":"717d9d7bfcbcf764"}
{"timestamp":"2025-04-14T13:19:37.852Z","level":"info","message":"Requisição externa bem-sucedida","durationMs":1249,"traceId":"2232bb1c769eee78884153b939a8998e","spanId":"ad4bf54779d6afc7"}
{"timestamp":"2025-04-14T13:19:38.709Z","level":"info","message":"Requisição externa bem-sucedida","durationMs":1107,"traceId":"9855dab8067ec79eb45a76541422ff4c","spanId":"c40a159512325b99"}
{"timestamp":"2025-04-14T13:19:40.890Z","level":"info","message":"Requisição externa bem-sucedida","durationMs":1284,"traceId":"443f6404310c2e6b124ebcceff1a81b8","spanId":"6cbb814fbb4c7bc7"}
{"timestamp":"2025-04-14T13:19:41.612Z","level":"error","message":"Erro em requisição externa","error":"timeout of 3000ms exceeded","traceId":"02646c16cd889384220c45db03c629d8","spanId":"4b678f6c0864997b"}
{"timestamp":"2025-04-14T13:19:42.129Z","level":"info","message":"Requisição externa bem-sucedida","durationMs":1521,"traceId":"077109309dfd33a9e7e9cefa3169ec96","spanId":"c681291724abd73c"}
{"timestamp":"2025-04-14T13:19:42.154Z","level":"info","message":"Requisição externa bem-sucedida","durationMs":547,"traceId":"dfa975e6117dfd130491cf942f2d7875","spanId":"6d3842c74942320b"}
{"timestamp":"2025-04-14T13:19:42.241Z","level":"info","message":"Chamada ao endpoint interno","traceId":"c9a9e648f7e01355b232991858381c3b","spanId":"ecf1380d73c33f8e"}
{"timestamp":"2025-04-14T13:19:44.899Z","level":"info","message":"Requisição externa bem-sucedida","durationMs":1291,"traceId":"4bfc08c788fc168f743fbd6eff65ca07","spanId":"67b7b07e81f62c83"}
{"timestamp":"2025-04-14T13:19:45.614Z","level":"error","message":"Erro em requisição externa","error":"timeout of 3000ms exceeded","traceId":"776a76ff2fe9c03eb18bfbd2f11954de","spanId":"39daa3fddb79a5a9"}
{"timestamp":"2025-04-14T13:19:52.545Z","level":"info","message":"Requisição externa bem-sucedida","durationMs":7930,"traceId":"3de8868aa351cd966d00fde71a5187a8","spanId":"f51541103fc7735b"}
{"timestamp":"2025-04-14T13:19:47.245Z","level":"info","message":"Chamada ao endpoint interno","traceId":"354f928e396f951a9b7f092eaec5e819","spanId":"bc119b1394199f0d"}
{"timestamp":"2025-04-14T13:19:47.284Z","level":"info","message":"Requisição externa bem-sucedida","durationMs":1669,"traceId":"65e03b81cf82233dcb9658c381031b0a","spanId":"c04bcca9e6a18066"}
{"timestamp":"2025-04-14T13:19:48.167Z","level":"info","message":"Requisição externa bem-sucedida","durationMs":1550,"traceId":"2bc5ecc087fa9c8baba04e0f9cba8b61","spanId":"30260428a8154441"}
{"timestamp":"2025-04-14T13:19:49.567Z","level":"info","message":"Requisição externa bem-sucedida","durationMs":947,"traceId":"2e92432ab734595585fd5e3801919866","spanId":"7520267af5aaaf92"}
{"timestamp":"2025-04-14T13:19:50.621Z","level":"error","message":"Erro em requisição externa","error":"timeout of 3000ms exceeded","traceId":"13c1bb904b60dee8e00f5971edaf868d","spanId":"f3cd12c7ef6a58c2"}
{"timestamp":"2025-04-14T13:19:51.604Z","level":"info","message":"Requisição externa bem-sucedida","durationMs":981,"traceId":"c4a5e03fbee38dc534a2ea9d8ff7e80b","spanId":"38bbcbee3efe548c"}
{"timestamp":"2025-04-14T13:19:52.245Z","level":"info","message":"Chamada ao endpoint interno","traceId":"7215f48c20246776e63dcf68df667a32","spanId":"2a91d2275e149b57"}
{"timestamp":"2025-04-14T13:19:52.431Z","level":"info","message":"Requisição externa bem-sucedida","durationMs":2810,"traceId":"aea87d9ed23cfb2f0fd73ae66c7ee763","spanId":"70fb04bc14937c4d"}
{"timestamp":"2025-04-14T13:19:52.756Z","level":"info","message":"Requisição externa bem-sucedida","durationMs":1130,"traceId":"7915195e002449a61dc6b6c983290f3d","spanId":"84f366a9bc06bcd7"}
